<!DOCTYPE html>
<html>
<meta charset="utf-8">
<title>a</title>
<body>
<xmp theme="cyborg" style="display:none;">
# i am test a
## i am sleeping early

blahblahblah...

</xmp>
<script src="http://strapdownjs.com/v/0.2/strapdown.js"></script>
</body>
</html>
