<!DOCTYPE html>
<html>
<meta charset="utf-8">
<title>empty</title>
<body>
<xmp theme="cyborg" style="display:none;">

</xmp>
<script src="http://strapdownjs.com/v/0.2/strapdown.js"></script>
</body>
</html>
