<!DOCTYPE html>
<html>
<meta charset="utf-8">
<title>some-custom-template: a</title>
<body>
<xmp theme="slate" style="display:none;">
# i am test a
## i am sleeping early

blahblahblah...

</xmp>
<script src="http://strapdownjs.com/v/0.2/strapdown.js?version=3.4"></script>
</body>
</html>
