<!DOCTYPE html>
<html>
<meta charset="utf-8">
<title>some-custom-template: empty</title>
<body>
<xmp theme="slate" style="display:none;">

</xmp>
<script src="http://strapdownjs.com/v/0.2/strapdown.js?version=3.4"></script>
</body>
</html>
