<!DOCTYPE html>
<html>
<meta charset="utf-8">
<title>some-custom-template: escaped</title>
<body>
<xmp theme="slate" style="display:none;">
# escaped test

This file contains a **</×mp>** tag, which is not allowed by strapdown.js and should be escaped into **</×mp>**(letter 'x' to multiplication sign '×').

</xmp>
<script src="http://strapdownjs.com/v/0.2/strapdown.js?version=3.4"></script>
</body>
</html>
