<!DOCTYPE html>
<html>
<title>c</title>
<body>
<xmp theme="cyborg" style="display:none;">
# i am test c
## i am sleeping early

blahblahblah...

</xmp>
<script src="http://strapdownjs.com/v/0.2/strapdown.js"></script>
</body>
</html>
