<!DOCTYPE html>
<html>
<title>escaped</title>
<body>
<xmp theme="cyborg" style="display:none;">
# escaped test

This file contains a **</×mp>** tag, which is not allowed by strapdown.js and should be escaped into **</×mp>**(letter 'x' to multiplication sign '×').

</xmp>
<script src="http://strapdownjs.com/v/0.2/strapdown.js"></script>
</body>
</html>
